10月
11月
12月
1月
2月
3月
4月
5月
6月
7月
8月
9月
、
。
‘
’
“
”
《
》
！
，
：
；
？
啊
阿爸
阿昌族
阿弟
阿斗
阿飞
阿富汗
阿哥
阿根廷
阿胶
阿姐
阿拉伯
阿妈
阿曼湾
阿美利加
阿妹
阿弥陀佛
阿米巴
阿摩尼亚
阿婆
阿是穴
阿司匹林
阿姨
阿珍
阿訇
阿囡
埃
埃及
挨
挨次
挨打
挨冻
挨饿
挨个
挨个儿
挨近
挨骂
挨整
挨着
挨揍
哎
哎呀
唉
哀
哀愁
哀辞
哀悼
哀告
哀歌
哀号
哀叫
哀乐
哀鸣
哀戚
哀求
哀荣
哀伤
哀思
哀叹
哀痛
癌
癌细胞
癌症
癌肿
矮
矮墩墩
矮个儿
矮个子
矮胖
矮墙
矮小
矮子
艾
艾利逊
艾绒
艾滋病
碍
碍事
碍眼
爱
爱称
爱戴
爱尔兰
爱抚
爱国
爱国者
爱国主义
爱好
爱护
爱怜
爱恋
爱慕
爱女
爱情
爱犬
爱人
爱沙尼亚
爱神
爱斯基摩
爱惜
爱心
爱因斯坦
爱憎
爱滋病
隘口
隘路
鞍钢
鞍马
鞍子
氨
氨基
氨基酸
氨气
氨水
安
安安静静
安安稳稳
安插
安德鲁
安定
安度
安顿
安放
安分
安抚
安哥拉
安好
安徽
安徽省
安家
安家费
安静
安康
安澜
安乐
安乐窝
安乐椅
安眠
安眠药
安宁
安排
安培
安培计
安全
安全部
安全带
安全岛
安全灯
安全阀
安全帽
安全线
安全性
安然
安塞
安上
安身
安身之地
安神
安生
安睡
安危
安慰
安稳
安息
安闲
安详
安歇
安心
安阳
安逸
安葬
安置
安装
安谧
安琪儿
俺
俺们
按
按扣儿
按理
按摩
按钮
按期
按时
按说
按压
按语
按照
暗
暗暗
暗坝
暗堡
暗藏
暗沉沉
暗处
暗淡
暗沟
暗害
暗号
暗盒
暗花
暗花儿
暗疾
暗计
暗记儿
暗箭
暗礁
暗流
暗昧
暗器
暗杀
暗伤
暗示
暗室
暗算
暗锁
暗滩
暗探
暗喜
暗箱
暗想
暗笑
暗影
暗语
暗中
暗自
暗娼
岸
岸壁
岸标
岸防
岸基
岸炮
案
案板
案秤
案犯
案件
案卷
案例
案情
案头
案由
案语
案子
肮脏
昂
昂贵
昂然
昂首
凹镜
凹面
凹面镜
凹透镜
凹凸
凹陷
敖
敖包
熬
熬煎
熬心
熬夜
翱翔
傲岸
傲骨
傲慢
傲气
傲然
傲视
奥
奥博
奥地利
奥林匹克
奥秘
奥妙
奥斯卡
奥委会
奥运会
懊悔
懊恼
懊丧
澳
澳大利亚
澳抗
澳门
澳洲
芭蕉
芭蕉扇
芭蕾
芭蕾舞
扒
扒窃
扒手
叭儿狗
吧
笆斗
笆篱
笆篓
八
八宝菜
八宝饭
八宝山
八宝箱
八带鱼
八度
八分音符
八哥
八哥儿
八股
八股文
八国联军
八角
八角茴香
八节
八廓街
八路军
八面风
八旗
八仙
八仙桌
八一
八音盒
八音匣子
八月
八字
八字步
八卦
八卦教
八卦拳
八卦掌
八卦阵
疤
疤痕
疤瘌
疤瘌眼儿
巴
巴不得
巴豆
巴儿狗
巴尔扎克
巴甫洛夫
巴基斯坦
巴结
巴解组织
巴金
巴克夏猪
巴勒斯坦
巴黎
巴拿马
巴塞罗那
巴士
巴望
巴西
巴县
巴掌
拔
拔草
拔除
拔掉
拔高
拔河
拔尖
拔尖儿
拔节
拔锚
拔丝
拔腿
跋涉
跋扈
靶
靶场
靶档
靶机
靶子
把
把柄
把持
把儿
把关
把门
把式
把势
把手
把守
把头
把握
把戏
把兄弟
把子
耙
耙犁
耙子
坝
坝基
坝址
坝子
霸
霸道
霸权
霸权主义
霸王
霸占
霸主
罢
罢工
罢官
罢教
罢课
罢了
罢论
罢免
罢免权
罢市
罢手
罢休
爸
爸爸
白
白皑皑
白矮星
白案
白白
白斑
白斑病
白班
白报纸
白不呲咧
白布
白菜
白苍苍
白痴
白炽灯
白唇鹿
白醋
白搭
白带
白地
白点
白丁
白发
白矾
白饭
白匪
白费
白粉病
白干儿
白鸽
白宫
白骨
白骨精
白果
白鹤
白喉
白乎乎
白狐
白花花
白花蛇
白化病
白话
白话诗
白话文
白晃晃
白灰
白介素
白金
白净
白净净
白酒
白卷
白开水
白口铁
白蜡
白蜡虫
白蜡树
白兰地
白兰花
白梨
白痢
白莲教
白磷
白鳞鱼
白领
白领阶层
白露
白马
白茫茫
白蒙蒙
白米
白面
白面儿
白面书生
白描
白沫
白木耳
白内障
白皮书
白皮松
白旗
白求恩
白区
白热
白热化
白人
白刃战
白日
白日梦
白色
白芍
白食
白事
白薯
白水
白塔山
白汤
白糖
白藤
白体
白天
白天鹅
白条
白条猪
白铁
白厅
白铜
白头翁
白兔
白文
白钨矿
白细胞
白熊
白癣
白雪公主
白血病
白血球
白眼
白眼珠
白杨
白药
白蚁
白银
白玉
白云
白云石
白纸
白质
白昼
白专
白字
白族
白垩纪
白桦
白鹇
白鹭
白鹳
白癜风
白暨豚
白鲢
白鳍豚
白鳗
白鳝
柏
柏林
柏树
柏油
百
百般
百宝箱
百出
百分
百分比
百分表
百分尺
百分点
百分号
百分率
百分数
百分之
百分制
百合
百花园
百货
百科辞典
百科全书
百灵
百年
百鸟之王
百日咳
百舌鸟
百事通
百兽
百万
百姓
百叶窗
百叶箱
百衲衣
百褶裙
摆
摆布
摆动
摆渡
摆放
摆架子
摆阔
摆弄
摆谱
摆设
摆手
摆摊
摆脱
摆样子
摆钟
败
败北
败笔
败坏
败绩
败家子
败将
败局
败类
败露
败落
败诉
败血病
败血症
败仗
败者
败阵
拜
拜把兄弟
拜倒
拜访
拜会
拜见
拜年
拜师
拜寿
拜托
拜望
拜物教
稗子
斑
斑白
斑驳
斑点
斑痕
斑马
斑马线
斑秃
斑纹
斑竹
斑鸠
班
班长
班车
班次
班底
班房
班规
班机
班级
班轮
班主任
班子
班组
班禅
搬
搬兵
搬动
搬家
搬进
搬弄
搬迁
搬迁户
搬箱
搬运
扳机
扳手
扳子
般
般配
颁布
颁发
颁奖
颁行
板
板报
板壁
板擦儿
板材
板车
板床
板凳
板斧
板胡
板块
板蓝根
板栗
板实
板书
板刷
板鸭
板牙
板岩
板眼
板羽球
板障
板正
板滞
板子
板锉
版本
版次
版画
版刻
版面
版权
版权页
版式
版税
版图
版心
扮相
扮演
拌
拌嘴
伴
伴儿
伴郎
伴侣
伴娘
伴生树
伴随
伴同
伴舞
伴星
伴音
伴游
伴奏
瓣膜
半
半壁
半壁河山
半边
半边天
半成品
半大
半岛
半导体
半道
半吊子
半渡击
半封建
半价
半截
半径
半旧
半决赛
半流体
半路
半年
半票
半瓶醋
半球
半日
半晌
半身像
半数
半衰期
半天
半文盲
半夜
半音
半元音
半圆
半圆形
半月刊
半月形
半殖民地
半制品
半子
半自动
办
办案
办厂
办到
办法
办公
办公室
办公桌
办理
办事
办事处
办学
绊
绊倒
绊脚石
绊马索
邦交
邦联
帮
帮办
帮工
帮会
帮忙
帮派
帮腔
帮手
帮套
帮凶
帮助
帮子
梆硬
梆子
梆子腔
榜
榜首
榜文
榜样
膀臂
膀子
膀胱
绑
绑带
绑匪
绑架
绑票
棒冰
棒儿香
棒球
棒子
棒子面
棒槌
磅
磅秤
蚌埠
蚌壳
傍晚
苞谷
苞米
胞弟
胞妹
胞兄
胞衣
包
包办
包背装
包庇
包产
包场
包抄
包车
包乘制
包饭
包袱
包干
包干制
包钢
包工
包公
包谷
包管
包裹
包含
包涵
包伙
包金
包括
包揽
包米
包赔
包皮
包票
包容
包身工
包身契
包探
包头
包围
包围圈
包厢
包销
包心菜
包修
包圆
包扎
包装
包子
包租
褒贬
褒词
褒奖
褒扬
褒义
褒义词
剥
剥夺
剥离
剥落
剥蚀
剥削
剥削阶级
薄
薄板
薄冰
薄饼
薄脆
薄地
薄荷
薄厚
薄礼
薄利
薄膜
薄片
薄情
薄弱
薄雾
薄纸
雹子
保
保安
保安队
保不定
保藏
保长
保持
保存
保单
保定
保管
保管员
保护
保护国
保护鸟
保护人
保护伞
保护色
保皇党
保皇派
保加利亚
保甲
保价信
保驾
保荐
保健
保健操
保举
保龄球
保留
保密
保密性
保苗
保姆
保暖
保全
保人
保释
保守
保守党
保守派
保送
保卫
保温
保温杯
保温瓶
保鲜
保险
保险刀
保险灯
保险柜
保险丝
保险箱
保修
保养
保佑
保育员
保育院
保障
保证
保证金
保证人
保证书
保值
保重
保镖
堡
堡垒
饱
饱和
饱和点
饱和度
饱和量
饱和色
饱满
饱嗝儿
宝
宝宝
宝贝
宝贝疙瘩
宝藏
宝刀
宝岛
宝地
宝盖儿
宝盖头
宝钢
宝贵
宝号
宝鸡
宝剑
宝库
宝石
宝塔
宝塔菜
宝物
宝玉
宝珠
宝座
抱
抱病
抱负
抱恨
抱歉
抱屈
抱养
抱怨
报
报案
报靶员
报表
报偿
报酬
报仇
报春花
报答
报单
报导
报到
报道
报恩
报废
报复
报告
报告会
报告团
报关
报馆
报国
报话机
报价
报捷
报界
报警
报刊
报考
报名
报请
报社
报失
报时
报数
报送
报摊
报童
报头
报务
报喜
报销
报晓
报效
报信
报应
报章
报章杂志
报帐
报知
报纸
暴
暴病
暴跌
暴动
暴发
暴发户
暴风
暴风雪
暴风雨
暴洪
暴举
暴君
暴客
暴利
暴力
暴烈
暴露
暴怒
暴虐
暴徒
暴行
暴雨
暴躁
暴政
暴戾
豹猫
豹子
爆
爆炒
爆肚儿
爆发
爆发力
爆发期
爆发星
爆发音
爆裂
爆满
爆破
爆破手
爆破筒
爆炸
爆炸波
爆炸力
爆炸性
爆竹
杯
杯子
碑
碑额
碑记
碑刻
碑铭
碑石
碑帖
碑文
碑阴
碑志
碑碣
悲
悲哀
悲惨
悲惨惨
悲歌
悲观
悲剧
悲剧性
悲苦
悲凉
悲泣
悲伤
悲叹
悲痛
悲喜剧
悲壮
卑
卑鄙
卑贱
卑劣
卑怯
卑微
卑污
卑下
北
北半球
北边
北冰洋
北部
北部湾
北朝鲜
北辰
北大
北大仓
北大西洋
北斗
北斗星
北伐军
北方
北方话
北非
北风
北国
北海
北海道
北极
北极光
北极狐
北极圈
北极星
北极熊
北京
北京大学
北京饭店
北京人
北京市
北京鸭
北麓
北美
北美洲
北面
北欧
北平
北纬
北温带
北吴村
辈
辈出
辈分
辈数
背
背包
背部
背搭子
背带
背地里
背负
背光性
背后
背悔
背脊
背景
背静
背离
背篓
背面
背谬
背叛
背弃
背日性
背时
背书
背水阵
背诵
背斜层
背心
背影
背运
背着
背鳍
贝
贝布托
贝雕
贝多芬
贝加尔湖
贝卡
贝壳
贝利
贝母
贝叶树
钡
钡餐
倍
倍儿
倍加
倍受
倍数
倍增
备
备案
备不住
备查
备份
备耕
备荒
备件
备课
备料
备品
备齐
备忘录
备用
备用品
备战
备注
备足
被
被捕
被乘数
被除数
被袋
被单
被动
被动式
被俘
被服
被覆
被告
被告人
被害
被害人
被害者
被加数
被减数
被里
被面
被迫
被褥
被套
被头
被窝
被窝儿
被卧
被压迫
被罩
被子
奔
奔波
奔驰
奔赴
奔流
奔忙
奔命
奔跑
奔丧
奔驶
奔腾
奔头儿
奔袭
奔涌
奔走
苯
苯胺
苯酚
苯基
苯甲酸
苯乙烯
本
本报
本本
本币
本部
本当
本地
本分
本分人
本该
本国
本纪
本家
本家儿
本金
本刊
本科
本科生
本来
本利
本领
本名
本命年
本末
本能
本钱
本人
本嗓
本色
本身
本世纪
本事
本题
本体
本土
本位
本文
本息
本溪
本戏
本相
本心
本行
本性
本意
本义
本影
本原
本源
本职
本质
本主儿
本着
本子
本字
笨
笨蛋
笨活儿
笨家伙
笨重
笨拙
崩
崩溃
崩裂
崩龙族
崩塌
绷
绷带
绷硬
绷子
甭
泵
泵房
泵站
蹦
迸发
迸裂
逼
逼供
逼和
逼近
逼迫
逼真
鼻
鼻儿
鼻尖
鼻孔
鼻梁
鼻梁儿
鼻梁子
鼻腔
鼻涕
鼻洼子
鼻烟
鼻翼
鼻音
鼻韵母
鼻子
鼻祖
鼻窦
比
比尔
比方
比分
比划
比价
比较
比利时
比例
比例尺
比例规
比量
比邻
比率
比目鱼
比拟
比热
比如
比赛
比试
比武
比翼鸟
比喻
比照
比值
比重
比重计
比作
鄙薄
鄙吝
鄙陋
鄙弃
鄙人
鄙视
鄙俗
鄙夷
鄙意
笔
笔触
笔答
笔底下
笔调
笔端
笔法
笔锋
笔杆
笔杆子
笔供
笔画
笔迹
笔记
笔记本
笔记簿
笔架
笔尖
笔力
笔路
笔录
笔帽
笔名
笔墨
笔墨纸砚
笔铅
笔势
笔试
笔顺
笔算
笔谈
笔套
笔挺
笔筒
笔头
笔头儿
笔误
笔洗
笔下
笔心
笔意
笔译
笔札
笔者
笔直
笔致
彼
彼岸性
彼此
彼得
彼特
碧
碧波
碧海
碧空
碧绿
碧萝春
碧螺春
碧桃
碧血
碧油油
碧玉
蓖麻
蓖麻蚕
蔽
蔽塞
毕
毕竟
毕生
毕业
毕业生
毙命
毖
币
币值
币制
庇护
闭
闭会
闭路电视
闭门羹
闭幕
闭幕词
闭幕式
闭塞
弊
弊病
弊端
必
必备
必不可少
必得
必定
必将
必然
必然王国
必然性
必修
必修课
必需
必须
必要
必要性
必争之地
辟
辟谣
壁
壁板
壁报
壁橱
壁灯
壁挂
壁柜
壁虎
壁画
壁垒
壁炉
壁钱
壁毯
壁纸
臂
臂膀
臂膊
臂力
臂腕
臂章
避
避风
避风港
避讳
避开
避雷器
避雷针
避免
避难
避暑
避孕
避孕药
陛下
鞭
鞭策
鞭毛
鞭毛虫
鞭毛藻
鞭炮
鞭挞
鞭子
边
边城
边防
边锋
边关
边际
边疆
边角料
边界
边界线
边境
边卡
边框
边贸
边门
边民
边区
边塞
边上
边线
边音
边缘
边缘科学
边远
边寨
编
编成
编导
编队
编号
编辑
编辑部
编剧
编录
编码
编目
编年史
编年体
编排
编入
编审
编外
编写
编译
编译器
编造
编者
编者按
编者案
编织
编制
编著
编撰
编组
编纂
贬词
贬低
贬损
贬义
贬职
贬值
扁柏
扁担
扁豆
扁骨
扁率
扁平足
扁桃
扁桃体
扁桃腺
扁锉
便
便餐
便当
便道
便毒
便饭
便服
便函
便壶
便笺
便捷
便览
便利
便了
便路
便帽
便门
便秘
便民
便盆
便桥
便所
便条
便桶
便鞋
便携式
便宴
便衣
便宜
便宜货
便于
便装
变
变蛋
变电所
变电站
变动
变法
变革
变更
变故
变化
变换
变幻
变价
变节
变量
变流器
变乱
变卖
变频
变频管
变色
变色镜
变色龙
变数
变速
变速器
变态
变天
变天帐
变通
变为
变温层
变戏法
变相
变心
变星
变形
变形虫
变性
变压器
变样
变异
变异性
变质
变质岩
变种
变子
变阻器
变卦
辨别
辨认
辨识
辨析
辨证
辩白
辩驳
辩才
辩护
辩护权
辩护人
辩护士
辩解
辩论
辩明
辩士
辩证
辩证法
辫子
遍
遍布
遍地
遍及
标
标榜
标本
标本虫
标兵
标尺
标灯
标点
标杆
标竿
标高
标格
标号
标记
标价
标金
标量
标明
标牌
标签
标枪
标识
标识符
标识号
标示
标题
标引词
标语
标志
标志着
标致
标注
标准
标准粉
标准规
标准化
标准件
标准煤
标准时
标准台
标准像
标准音
标准语
膘情
表
表白
表报
表册
表层
表尺
表达
表达式
表带
表弟
表哥
表格
表记
表解
表姐
表姐妹
表舅
表决
表决权
表里
表链
表露
表率
表妹
表蒙子
表面
表面波
表面化
表面积
表面张力
表明
表盘
表皮
表亲
表情
表嫂
表示
表叔
表述
表态
表土
表现
表现力
表象
表兄弟
表演
表演唱
表扬
表语
表彰
表针
表征
表侄
表侄女
表字
鳖边
憋
憋闷
憋气
别
别别扭扭
别称
别的
别动队
别号
别集
别离
别连科
别名
别扭
别人
别史
别墅
别说
别提
别针
别致
别字
瘪三
濒海
濒临
濒于
滨
滨海
宾
宾词
宾馆
宾客
宾朋
宾语
宾主
摈除
摈弃
兵
兵变
兵操
兵差
兵船
兵丁
兵法
兵符
兵戈
兵工厂
兵火
兵家
兵舰
兵力
兵乱
兵马
兵马俑
兵痞
兵器
兵权
兵戎
兵士
兵书
兵团
兵役
兵役法
兵营
兵油子
兵员
兵源
兵站
兵种
兵卒
兵谏亭
兵燹
冰
冰棒
冰雹
冰场
冰川
冰川期
冰床
冰醋酸
冰袋
冰刀
冰岛
冰灯
冰点
冰雕
冰冻
冰冻期
冰峰
冰盖层
冰糕
冰镐
冰柜
冰棍
冰棍儿
冰河
冰花
冰激凌
冰窖
冰晶
冰晶石
冰块
冰冷
冰凉
冰凌
冰排
冰瓶
冰橇
冰球
冰山
冰舌
冰霜
冰糖
冰天雪地
冰箱
冰鞋
冰雪
冰洲石
冰砖
冰锥
冰淇淋
冰镩
丙醇
丙纶
丙酮
丙稀
丙烯酸
丙寅
秉承
秉公
秉性
饼饵
饼肥
饼干
饼子
病
病案
病包儿
病变
病残
病程
病虫害
病床
病倒
病毒
病房
病夫
病根
病故
病害
病号
病家
病假
病菌
病况
病理
病理学
病历
病例
病魔
病情
病人
病容
病史
病逝
病势
病态
病痛
病退
病歪歪
病危
病象
病休
病殃殃
病秧子
病因
病友
病愈
病原
病原虫
病原菌
病原体
病员
病源
病灶
病征
病症
病株
病状
病字旁儿
病榻
并
并不
并存
并蒂莲
并发
并发症
并非
并肩
并进
并举
并立
并力
并联
并列
并拢
并排
并且
并吞
并网
并重
玻利维亚
玻璃
玻璃板
玻璃杯
玻璃窗
玻璃粉
玻璃钢
玻璃缸
玻璃瓶
玻璃球
玻璃丝
玻璃体
玻璃纸
玻璃砖
菠菜
菠萝
菠萝蜜
播
播出
播发
播放
播幅
播撒
播送
播音
播音室
播音员
播映
播种
播种机
播种期
拨
拨动
拨付
拨号盘
拨款
拨浪鼓
拨弄
拨冗
拨通
钵头
钵盂
波
波长
波导管
波动
波段
波多黎各
波恩
波尔卡
波峰
波幅
波谷
波及
波兰
波澜
波浪
波浪鼓
波浪式
波罗的海
波谱
波束
波斯
波斯菊
波涛
波特率
波纹
波形
波音
波源
波折
博
博爱
博茨瓦纳
博得
博览
博览会
博士
博士后
博士生
博士学位
博物
博物馆
博物院
勃
勃勃
勃郎宁
搏动
搏斗
搏击
铂
箔条
伯
伯伯
伯父
伯乐
伯母
伯仲
伯祖
伯祖母
帛画
帛书
脖
脖颈
脖颈儿
脖颈子
脖子
渤海
泊
泊位
驳
驳岸
驳斥
驳船
驳倒
驳回
驳壳枪
驳运
驳杂
捕
捕获
捕捞
捕杀
捕食
捕头
捕捉
卜
哺乳
哺养
哺育
补
补白
补报
补差
补偿
补充
补丁
补发
补给
补角
补救
补考
补课
补码
补苗
补票
补品
补缺
补色
补台
补贴
补习
补习班
补血
补养
补药
补遗
补益
补语
补助
补足
埠头
不
不安
不比
不必
不便
不变
不成
不齿
不错
不大
不丹
不单
不但
不当
不倒翁
不道德
不得
不得不
不得劲
不得已
不等
不等号
不等式
不定
不定根
不动产
不冻港
不独
不端
不断
不对
不乏
不法
不法之徒
不犯
不妨
不符
不服
不甘
不公
不够
不顾
不管
不光
不轨
不过
不好意思
不和
不合
不会儿
不讳
不及
不见
不见得
不结盟
不解
不仅
不禁
不景气
不久
不拘
不觉
不堪
不可
不可不
不肯
不快
不愧
不愧为
不赖
不理
不利
不力
不良
不料
不灵
不论
不满
不免
不妙
不明
不名誉
不能不
不怕
不配
不平
不起眼
不巧
不然
不人道
不忍
不容
不如
不如说
不善
不少
不慎
不胜
不失为
不时
不是
不适
不通
不同
不图
不妥
不外
不外乎
不惟
不为所动
不畏
不问
不息
不惜
不想
不象话
不行
不幸
不休
不锈钢
不许
不要
不一
不依
不宜
不已
不易
不意
不用
不用说
不由得
不再
不曾
不止
不只
不至于
不致
不周
不住
不准
不足
布
布帛
布达拉宫
布丁
布尔
布防
布告
布谷鸟
布景
布局
布拉吉
布拉图西
布朗族
布雷
布雷器
布料
布鲁氏菌
布满
布面
布匹
布伞
布设
布什
布势
布头
布托
布纹纸
布鞋
布依族
布衣
布置
步
步兵
步长
步调
步伐
步幅
步弓
步话机
步犁
步履
步频
步枪
步入
步哨
步谈机
步行
步行虫
步行机
步骤
步子
簿
簿册
簿籍
簿记
簿子
部
部标
部长
部队
部分
部件
部类
部落
部门
部首
部署
部属
部位
部下
部族
